=== idle dogfood start: 05/26/2026 12:05:46 ===
   Compiling oto_native v0.3.0 (E:\Programming\oto\native)
    Finished `dev` profile [unoptimized + debuginfo] target(s) in 5.66s
     Running `target\debug\examples\event-tail.exe`
[event-tail] discovering …
[event-tail] discovered 2 speakers in 2 groups
[event-tail]   speaker RINCON_542A1B9463A801400 (Living Room)
[event-tail]   speaker RINCON_7828CAE858CA01400 (Kitchen)
[event-tail]   group   RINCON_542A1B9463A801400:3426502567 coord=RINCON_542A1B9463A801400 members=1
[event-tail]   group   RINCON_542A1B9463A801400:3426502566 coord=RINCON_7828CAE858CA01400 members=1
[event-tail] subscribed; printing events. Ctrl-C to exit.
[    3s] Volume   RINCON_7828CAE858CA01400  → 10
[    3s] Mute     RINCON_7828CAE858CA01400  → false
[    3s] Playback RINCON_542A1B9463A801400:3426502566  → Paused
[    3s] Track    RINCON_542A1B9463A801400:3426502566  →   ((no artist))
[    7s] Playback RINCON_542A1B9463A801400:3426502567  → Paused
[    7s] Track    RINCON_542A1B9463A801400:3426502567  → Unforgettable (Godsmack)
[   22s] Volume   RINCON_542A1B9463A801400  → 15
[   22s] Mute     RINCON_542A1B9463A801400  → false
[   35s] Track    RINCON_542A1B9463A801400:3426502567  → Unforgettable (Godsmack)
[   35s] Track    RINCON_542A1B9463A801400:3426502566  → (no title) ((no artist))
[event-tail] 95s idle …
[event-tail] 155s idle …
[event-tail] 215s idle …
[event-tail] 275s idle …
[event-tail] 335s idle …
[event-tail] 395s idle …
[event-tail] 455s idle …
[event-tail] 515s idle …
[event-tail] 575s idle …
[event-tail] 635s idle …
[event-tail] 695s idle …
[event-tail] 755s idle …
[event-tail] 815s idle …
[event-tail] 875s idle …
[event-tail] 935s idle …
[event-tail] 995s idle …
[event-tail] 1055s idle …
[event-tail] 1115s idle …
[event-tail] 1175s idle …
[event-tail] 1235s idle …
[event-tail] 1295s idle …
[event-tail] 1355s idle …
[event-tail] 1415s idle …
[event-tail] 1475s idle …
✅ Renewed subscription for 10.83.0.103 AVTransport
✅ Renewed subscription for 10.83.0.105 AVTransport
✅ Renewed subscription for 10.83.0.103 RenderingControl
✅ Renewed subscription for 10.83.0.105 RenderingControl
[event-tail] 1535s idle …
[event-tail] 1595s idle …
[event-tail] 1655s idle …
[event-tail] 1715s idle …
[event-tail] 1775s idle …
[event-tail] 1835s idle …
[event-tail] 1895s idle …
