    Finished `release` profile [optimized] target(s) in 0.20s
     Running `native\target\release\examples\spike-reactive.exe`
==== v0.4 spike — Path A (sonos-sdk-state) rev 2 ====
[2m2026-05-21T07:08:59.672390Z[0m [32m INFO[0m [2msonos_state::state[0m[2m:[0m StateManager event worker started
[2m2026-05-21T07:08:59.672425Z[0m [32m INFO[0m [2msonos_state::state[0m[2m:[0m StateManager created (sync-first mode)
Discovered 2 speakers:
  RINCON_542A1B9463A801400 "Living Room" 10.83.0.103
  RINCON_7828CAE858CA01400 "Kitchen" 10.83.0.105
Topology initialized (one-group-per-speaker).
Registering watches + subscriptions:
[2m2026-05-21T07:08:59.672519Z[0m [32m INFO[0m [2msonos_stream::broker[0m[2m:[0m Initializing EventBroker [3mconfig[0m[2m=[0mBrokerConfig { callback_port_range: (3400, 3500), event_timeout: 30s, polling_activation_delay: 5s, base_polling_interval: 5s, max_polling_interval: 30s, subscription_timeout: 1800s, event_buffer_size: 1000, max_concurrent_polls: 50, enable_proactive_firewall_detection: true, firewall_event_wait_timeout: 15s, enable_firewall_caching: true, max_cached_device_states: 100, max_registrations: 1000, adaptive_polling: true, renewal_threshold: 300s, force_polling_mode: false }
[2m2026-05-21T07:08:59.672638Z[0m [32m INFO[0m [2msonos_state::event_worker[0m[2m:[0m State event worker started, waiting for events...
  RINCON_542A1B9463A801400 "Living Room" — vol=None mute=None play=None track=None pos=None
  RINCON_7828CAE858CA01400 "Kitchen" — vol=None mute=None play=None track=None pos=None
Watching events. Ctrl-C to exit.
epoch_ms	speaker_id	property	service
[2m2026-05-21T07:08:59.673136Z[0m [32m INFO[0m [2mcallback_server::server[0m[2m:[0m CallbackServer listening - ready to process UPnP events [3maddress[0m[2m=[0m0.0.0.0:3400
[2m2026-05-21T07:08:59.673261Z[0m [32m INFO[0m [2msonos_stream::broker[0m[2m:[0m Firewall detection coordinator enabled [3mtimeout[0m[2m=[0m15s
[2m2026-05-21T07:08:59.673294Z[0m [32m INFO[0m [2msonos_stream::broker[0m[2m:[0m EventBroker initialized successfully
[2m2026-05-21T07:08:59.673304Z[0m [32m INFO[0m [2msonos_event_manager::worker[0m[2m:[0m Event worker started
[2m2026-05-21T07:08:59.704808Z[0m [32m INFO[0m [2msonos_stream::events::processor[0m[2m:[0m Starting UPnP event processing using sonos-api framework
[2m2026-05-21T07:08:59.704832Z[0m [32m INFO[0m [2msonos_stream::broker[0m[2m:[0m Starting polling request processing
[2m2026-05-21T07:08:59.704849Z[0m [32m INFO[0m [2msonos_stream::broker[0m[2m:[0m Starting subscription renewal monitoring
[2m2026-05-21T07:08:59.705581Z[0m [32m INFO[0m [2mcallback_server::firewall_detection[0m[2m:[0m Firewall detection: Event received from device, marking as accessible [3mdevice_ip[0m[2m=[0m10.83.0.105 [3melapsed[0m[2m=[0m23.9819ms [3mstatus[0m[2m=[0mAccessible
[2m2026-05-21T07:08:59.705657Z[0m [32m INFO[0m [2mcallback_server::firewall_detection[0m[2m:[0m Firewall detection: Events accessible from device [3mdevice_ip[0m[2m=[0m10.83.0.105 [3mreason[0m[2m=[0mEventReceived [3mstatus[0m[2m=[0mAccessible
1779347339705	RINCON_7828CAE858CA01400	volume	RenderingControl
1779347339705	RINCON_7828CAE858CA01400	mute	RenderingControl
1779347339715	RINCON_7828CAE858CA01400	playback_state	AVTransport
1779347339715	RINCON_7828CAE858CA01400	position	AVTransport
1779347339715	RINCON_7828CAE858CA01400	current_track	AVTransport
[2m2026-05-21T07:09:03.247697Z[0m [32m INFO[0m [2mcallback_server::firewall_detection[0m[2m:[0m Firewall detection: Event received from device, marking as accessible [3mdevice_ip[0m[2m=[0m10.83.0.103 [3melapsed[0m[2m=[0m3.5743742s [3mstatus[0m[2m=[0mAccessible
[2m2026-05-21T07:09:03.247759Z[0m [32m INFO[0m [2mcallback_server::firewall_detection[0m[2m:[0m Firewall detection: Events accessible from device [3mdevice_ip[0m[2m=[0m10.83.0.103 [3mreason[0m[2m=[0mEventReceived [3mstatus[0m[2m=[0mAccessible
1779347343247	RINCON_542A1B9463A801400	volume	RenderingControl
1779347343247	RINCON_542A1B9463A801400	mute	RenderingControl
1779347343263	RINCON_542A1B9463A801400	playback_state	AVTransport
1779347343263	RINCON_542A1B9463A801400	position	AVTransport
1779347343263	RINCON_542A1B9463A801400	current_track	AVTransport
[2m2026-05-21T07:09:29.721235Z[0m [32m INFO[0m [2msonos_stream::polling::scheduler[0m[2m:[0m Started polling [3mspeaker_ip[0m[2m=[0m10.83.0.103 [3mservice[0m[2m=[0mRenderingControl
[2m2026-05-21T07:09:29.721259Z[0m [32m INFO[0m [2msonos_stream::polling::scheduler[0m[2m:[0m Started polling [3mspeaker_ip[0m[2m=[0m10.83.0.103 [3mservice[0m[2m=[0mAVTransport
[2m2026-05-21T07:09:29.721264Z[0m [32m INFO[0m [2msonos_stream::polling::scheduler[0m[2m:[0m Started polling [3mspeaker_ip[0m[2m=[0m10.83.0.105 [3mservice[0m[2m=[0mRenderingControl
[2m2026-05-21T07:09:29.721270Z[0m [32m INFO[0m [2msonos_stream::polling::scheduler[0m[2m:[0m Started polling [3mspeaker_ip[0m[2m=[0m10.83.0.105 [3mservice[0m[2m=[0mAVTransport
[2m2026-05-21T07:09:29.721279Z[0m [32m INFO[0m [2msonos_stream::polling::scheduler[0m[2m:[0m Starting polling task [3mspeaker_ip[0m[2m=[0m10.83.0.103 [3mservice[0m[2m=[0mRenderingControl [3mcurrent_interval[0m[2m=[0m5s
[2m2026-05-21T07:09:29.721287Z[0m [32m INFO[0m [2msonos_stream::polling::scheduler[0m[2m:[0m Starting polling task [3mspeaker_ip[0m[2m=[0m10.83.0.103 [3mservice[0m[2m=[0mAVTransport [3mcurrent_interval[0m[2m=[0m5s
[2m2026-05-21T07:09:29.721290Z[0m [32m INFO[0m [2msonos_stream::polling::scheduler[0m[2m:[0m Starting polling task [3mspeaker_ip[0m[2m=[0m10.83.0.105 [3mservice[0m[2m=[0mRenderingControl [3mcurrent_interval[0m[2m=[0m5s
[2m2026-05-21T07:09:29.721293Z[0m [32m INFO[0m [2msonos_stream::polling::scheduler[0m[2m:[0m Starting polling task [3mspeaker_ip[0m[2m=[0m10.83.0.105 [3mservice[0m[2m=[0mAVTransport [3mcurrent_interval[0m[2m=[0m5s
1779347370996	RINCON_542A1B9463A801400	volume	RenderingControl
1779347371247	RINCON_542A1B9463A801400	volume	RenderingControl
1779347372247	RINCON_542A1B9463A801400	volume	RenderingControl
1779347374775	RINCON_7828CAE858CA01400	current_track	AVTransport
1779347374800	RINCON_542A1B9463A801400	position	AVTransport
1779347374800	RINCON_542A1B9463A801400	current_track	AVTransport
1779347377342	RINCON_542A1B9463A801400	position	AVTransport
1779347379375	RINCON_542A1B9463A801400	position	AVTransport
1779347381406	RINCON_542A1B9463A801400	position	AVTransport
1779347383441	RINCON_542A1B9463A801400	position	AVTransport
1779347385465	RINCON_542A1B9463A801400	position	AVTransport
1779347387501	RINCON_542A1B9463A801400	position	AVTransport
1779347389555	RINCON_542A1B9463A801400	position	AVTransport
1779347391594	RINCON_542A1B9463A801400	position	AVTransport
1779347393636	RINCON_542A1B9463A801400	position	AVTransport
1779347395669	RINCON_542A1B9463A801400	position	AVTransport
1779347397700	RINCON_542A1B9463A801400	position	AVTransport
1779347399742	RINCON_542A1B9463A801400	position	AVTransport
1779347399986	RINCON_7828CAE858CA01400	volume	RenderingControl
1779347400233	RINCON_7828CAE858CA01400	volume	RenderingControl
1779347400333	RINCON_7828CAE858CA01400	volume	RenderingControl
1779347401777	RINCON_542A1B9463A801400	position	AVTransport
1779347403822	RINCON_542A1B9463A801400	position	AVTransport
1779347405865	RINCON_542A1B9463A801400	position	AVTransport
1779347407911	RINCON_542A1B9463A801400	position	AVTransport
1779347409946	RINCON_542A1B9463A801400	position	AVTransport
1779347411977	RINCON_542A1B9463A801400	position	AVTransport
1779347414011	RINCON_542A1B9463A801400	position	AVTransport
1779347416033	RINCON_542A1B9463A801400	position	AVTransport
1779347418075	RINCON_542A1B9463A801400	position	AVTransport
1779347420117	RINCON_542A1B9463A801400	position	AVTransport
1779347422153	RINCON_542A1B9463A801400	position	AVTransport
1779347424208	RINCON_542A1B9463A801400	position	AVTransport
1779347426240	RINCON_542A1B9463A801400	position	AVTransport
1779347428265	RINCON_542A1B9463A801400	position	AVTransport
1779347430302	RINCON_542A1B9463A801400	position	AVTransport
1779347432342	RINCON_542A1B9463A801400	position	AVTransport
1779347434396	RINCON_542A1B9463A801400	position	AVTransport
1779347436435	RINCON_542A1B9463A801400	position	AVTransport
1779347438486	RINCON_542A1B9463A801400	position	AVTransport
1779347440531	RINCON_542A1B9463A801400	position	AVTransport
1779347442558	RINCON_542A1B9463A801400	position	AVTransport
1779347444598	RINCON_542A1B9463A801400	position	AVTransport
1779347446687	RINCON_542A1B9463A801400	position	AVTransport
1779347448730	RINCON_542A1B9463A801400	position	AVTransport
1779347450774	RINCON_542A1B9463A801400	position	AVTransport
1779347452810	RINCON_542A1B9463A801400	position	AVTransport
1779347454842	RINCON_542A1B9463A801400	position	AVTransport
1779347456879	RINCON_542A1B9463A801400	position	AVTransport
1779347458920	RINCON_542A1B9463A801400	position	AVTransport
1779347459584	RINCON_542A1B9463A801400	volume	RenderingControl
1779347459827	RINCON_542A1B9463A801400	volume	RenderingControl
1779347460970	RINCON_542A1B9463A801400	position	AVTransport
1779347463018	RINCON_542A1B9463A801400	position	AVTransport
1779347465072	RINCON_542A1B9463A801400	position	AVTransport
1779347467127	RINCON_542A1B9463A801400	position	AVTransport
1779347469215	RINCON_542A1B9463A801400	position	AVTransport
1779347471266	RINCON_542A1B9463A801400	position	AVTransport
1779347473310	RINCON_542A1B9463A801400	position	AVTransport
1779347475365	RINCON_542A1B9463A801400	position	AVTransport
1779347477414	RINCON_542A1B9463A801400	position	AVTransport
1779347479451	RINCON_542A1B9463A801400	position	AVTransport
1779347481493	RINCON_542A1B9463A801400	position	AVTransport
1779347483550	RINCON_542A1B9463A801400	position	AVTransport
1779347485593	RINCON_542A1B9463A801400	position	AVTransport
1779347487622	RINCON_542A1B9463A801400	position	AVTransport
1779347489127	RINCON_542A1B9463A801400	volume	RenderingControl
1779347489653	RINCON_542A1B9463A801400	position	AVTransport
1779347490255	RINCON_542A1B9463A801400	volume	RenderingControl
1779347490761	RINCON_542A1B9463A801400	position	AVTransport
1779347490761	RINCON_542A1B9463A801400	current_track	AVTransport
1779347490856	RINCON_542A1B9463A801400	volume	RenderingControl
1779347491114	RINCON_542A1B9463A801400	volume	RenderingControl
1779347491699	RINCON_542A1B9463A801400	position	AVTransport
1779347491699	RINCON_542A1B9463A801400	current_track	AVTransport
1779347493745	RINCON_542A1B9463A801400	position	AVTransport
1779347495777	RINCON_542A1B9463A801400	position	AVTransport
1779347497802	RINCON_542A1B9463A801400	position	AVTransport
1779347499839	RINCON_542A1B9463A801400	position	AVTransport
1779347501877	RINCON_542A1B9463A801400	position	AVTransport
1779347503923	RINCON_542A1B9463A801400	position	AVTransport
1779347505968	RINCON_542A1B9463A801400	position	AVTransport
1779347507994	RINCON_542A1B9463A801400	position	AVTransport
1779347510037	RINCON_542A1B9463A801400	position	AVTransport
1779347512069	RINCON_542A1B9463A801400	position	AVTransport
1779347514107	RINCON_542A1B9463A801400	position	AVTransport
1779347515999	RINCON_542A1B9463A801400	position	AVTransport
1779347515999	RINCON_542A1B9463A801400	current_track	AVTransport
1779347516154	RINCON_542A1B9463A801400	current_track	AVTransport
1779347516255	RINCON_542A1B9463A801400	current_track	AVTransport
1779347518195	RINCON_542A1B9463A801400	position	AVTransport
1779347518195	RINCON_542A1B9463A801400	current_track	AVTransport
1779347519635	RINCON_542A1B9463A801400	playback_state	AVTransport
1779347519635	RINCON_542A1B9463A801400	position	AVTransport
1779347519635	RINCON_542A1B9463A801400	current_track	AVTransport
1779347520246	RINCON_542A1B9463A801400	position	AVTransport
1779347520246	RINCON_542A1B9463A801400	current_track	AVTransport
1779347549428	RINCON_542A1B9463A801400	playback_state	AVTransport
1779347549428	RINCON_542A1B9463A801400	position	AVTransport
1779347549428	RINCON_542A1B9463A801400	current_track	AVTransport
1779347551077	RINCON_542A1B9463A801400	position	AVTransport
1779347551077	RINCON_542A1B9463A801400	current_track	AVTransport
1779347553120	RINCON_542A1B9463A801400	position	AVTransport
1779347555145	RINCON_542A1B9463A801400	position	AVTransport
1779347557179	RINCON_542A1B9463A801400	position	AVTransport
1779347559222	RINCON_542A1B9463A801400	position	AVTransport
1779347561267	RINCON_542A1B9463A801400	position	AVTransport
1779347563301	RINCON_542A1B9463A801400	position	AVTransport
1779347565337	RINCON_542A1B9463A801400	position	AVTransport
1779347567364	RINCON_542A1B9463A801400	position	AVTransport
1779347569399	RINCON_542A1B9463A801400	position	AVTransport
1779347571432	RINCON_542A1B9463A801400	position	AVTransport
1779347573469	RINCON_542A1B9463A801400	position	AVTransport
1779347575511	RINCON_542A1B9463A801400	position	AVTransport
1779347577556	RINCON_542A1B9463A801400	position	AVTransport
1779347579598	RINCON_542A1B9463A801400	position	AVTransport
1779347579790	RINCON_542A1B9463A801400	position	AVTransport
1779347579790	RINCON_542A1B9463A801400	current_track	AVTransport
1779347581644	RINCON_542A1B9463A801400	position	AVTransport
1779347581644	RINCON_542A1B9463A801400	current_track	AVTransport
1779347583678	RINCON_542A1B9463A801400	position	AVTransport
1779347585713	RINCON_542A1B9463A801400	position	AVTransport
1779347587746	RINCON_542A1B9463A801400	position	AVTransport
1779347589781	RINCON_542A1B9463A801400	position	AVTransport
1779347591822	RINCON_542A1B9463A801400	position	AVTransport
1779347593853	RINCON_542A1B9463A801400	position	AVTransport
1779347595889	RINCON_542A1B9463A801400	position	AVTransport
1779347597923	RINCON_542A1B9463A801400	position	AVTransport
1779347599969	RINCON_542A1B9463A801400	position	AVTransport
1779347602017	RINCON_542A1B9463A801400	position	AVTransport
1779347604059	RINCON_542A1B9463A801400	position	AVTransport
1779347606090	RINCON_542A1B9463A801400	position	AVTransport
1779347608125	RINCON_542A1B9463A801400	position	AVTransport
1779347610168	RINCON_542A1B9463A801400	position	AVTransport
1779347612209	RINCON_542A1B9463A801400	position	AVTransport
1779347614258	RINCON_542A1B9463A801400	position	AVTransport
1779347616298	RINCON_542A1B9463A801400	position	AVTransport
1779347618350	RINCON_542A1B9463A801400	position	AVTransport
1779347618829	RINCON_7828CAE858CA01400	playback_state	AVTransport
1779347618829	RINCON_7828CAE858CA01400	current_track	AVTransport
1779347620380	RINCON_542A1B9463A801400	position	AVTransport
1779347622415	RINCON_542A1B9463A801400	position	AVTransport
1779347624451	RINCON_542A1B9463A801400	position	AVTransport
1779347626501	RINCON_542A1B9463A801400	position	AVTransport
1779347628554	RINCON_542A1B9463A801400	position	AVTransport
1779347630585	RINCON_542A1B9463A801400	position	AVTransport
1779347632606	RINCON_542A1B9463A801400	position	AVTransport
1779347634641	RINCON_542A1B9463A801400	position	AVTransport
1779347636683	RINCON_542A1B9463A801400	position	AVTransport
1779347638726	RINCON_542A1B9463A801400	position	AVTransport
1779347640504	RINCON_7828CAE858CA01400	volume	RenderingControl
1779347640677	RINCON_7828CAE858CA01400	volume	RenderingControl
1779347640754	RINCON_7828CAE858CA01400	volume	RenderingControl
1779347640798	RINCON_542A1B9463A801400	position	AVTransport
1779347641006	RINCON_7828CAE858CA01400	volume	RenderingControl
1779347641583	RINCON_7828CAE858CA01400	volume	RenderingControl
1779347642837	RINCON_542A1B9463A801400	position	AVTransport
1779347643669	RINCON_7828CAE858CA01400	volume	RenderingControl
1779347644170	RINCON_7828CAE858CA01400	volume	RenderingControl
1779347644874	RINCON_542A1B9463A801400	position	AVTransport
1779347646910	RINCON_542A1B9463A801400	position	AVTransport
1779347648947	RINCON_542A1B9463A801400	position	AVTransport
1779347650993	RINCON_542A1B9463A801400	position	AVTransport
1779347653028	RINCON_542A1B9463A801400	position	AVTransport
1779347655072	RINCON_542A1B9463A801400	position	AVTransport
1779347657109	RINCON_542A1B9463A801400	position	AVTransport
1779347659151	RINCON_542A1B9463A801400	position	AVTransport
1779347661180	RINCON_542A1B9463A801400	position	AVTransport
1779347663215	RINCON_542A1B9463A801400	position	AVTransport
1779347665264	RINCON_542A1B9463A801400	position	AVTransport
1779347667312	RINCON_542A1B9463A801400	position	AVTransport
1779347669352	RINCON_542A1B9463A801400	position	AVTransport
1779347671398	RINCON_542A1B9463A801400	position	AVTransport
1779347672586	RINCON_542A1B9463A801400	volume	RenderingControl
1779347672592	RINCON_7828CAE858CA01400	volume	RenderingControl
1779347672834	RINCON_7828CAE858CA01400	volume	RenderingControl
1779347672834	RINCON_542A1B9463A801400	volume	RenderingControl
1779347673436	RINCON_542A1B9463A801400	position	AVTransport
1779347675226	RINCON_7828CAE858CA01400	volume	RenderingControl
1779347675472	RINCON_542A1B9463A801400	position	AVTransport
1779347675479	RINCON_7828CAE858CA01400	volume	RenderingControl
1779347677506	RINCON_542A1B9463A801400	position	AVTransport
1779347679548	RINCON_542A1B9463A801400	position	AVTransport
1779347681592	RINCON_542A1B9463A801400	position	AVTransport
1779347683641	RINCON_542A1B9463A801400	position	AVTransport
1779347685689	RINCON_542A1B9463A801400	position	AVTransport
1779347687726	RINCON_542A1B9463A801400	position	AVTransport
1779347689778	RINCON_542A1B9463A801400	position	AVTransport
1779347691822	RINCON_542A1B9463A801400	position	AVTransport
1779347693854	RINCON_542A1B9463A801400	position	AVTransport
1779347695894	RINCON_542A1B9463A801400	position	AVTransport
1779347697933	RINCON_542A1B9463A801400	position	AVTransport
1779347700026	RINCON_542A1B9463A801400	position	AVTransport
1779347701108	RINCON_542A1B9463A801400	position	AVTransport
1779347701108	RINCON_542A1B9463A801400	current_track	AVTransport
1779347702076	RINCON_542A1B9463A801400	position	AVTransport
1779347702076	RINCON_542A1B9463A801400	current_track	AVTransport
1779347708219	RINCON_542A1B9463A801400	position	AVTransport
1779347710264	RINCON_542A1B9463A801400	position	AVTransport
1779347712301	RINCON_542A1B9463A801400	position	AVTransport
1779347712728	RINCON_542A1B9463A801400	position	AVTransport
1779347712728	RINCON_542A1B9463A801400	current_track	AVTransport
1779347714348	RINCON_542A1B9463A801400	position	AVTransport
1779347714348	RINCON_542A1B9463A801400	current_track	AVTransport
1779347716371	RINCON_542A1B9463A801400	position	AVTransport
1779347718408	RINCON_542A1B9463A801400	position	AVTransport
1779347720442	RINCON_542A1B9463A801400	position	AVTransport
1779347722475	RINCON_542A1B9463A801400	position	AVTransport
1779347724516	RINCON_542A1B9463A801400	position	AVTransport
1779347726553	RINCON_542A1B9463A801400	position	AVTransport
1779347728601	RINCON_542A1B9463A801400	position	AVTransport
1779347730632	RINCON_542A1B9463A801400	position	AVTransport
1779347732268	RINCON_7828CAE858CA01400	playback_state	AVTransport
1779347732283	RINCON_542A1B9463A801400	playback_state	AVTransport
1779347732283	RINCON_542A1B9463A801400	position	AVTransport
1779347732283	RINCON_542A1B9463A801400	current_track	AVTransport
1779347732659	RINCON_542A1B9463A801400	position	AVTransport
1779347732659	RINCON_542A1B9463A801400	current_track	AVTransport
1779347821156	RINCON_7828CAE858CA01400	playback_state	AVTransport
1779347821156	RINCON_7828CAE858CA01400	position	AVTransport
1779347821156	RINCON_7828CAE858CA01400	current_track	AVTransport
1779347821157	RINCON_7828CAE858CA01400	position	AVTransport
1779347821157	RINCON_7828CAE858CA01400	current_track	AVTransport
1779347821598	RINCON_542A1B9463A801400	playback_state	AVTransport
1779347821598	RINCON_542A1B9463A801400	position	AVTransport
1779347821598	RINCON_542A1B9463A801400	current_track	AVTransport
1779347821638	RINCON_542A1B9463A801400	current_track	AVTransport
1779347821845	RINCON_542A1B9463A801400	volume	RenderingControl
1779347822656	RINCON_7828CAE858CA01400	position	AVTransport
1779347822656	RINCON_7828CAE858CA01400	current_track	AVTransport
1779347823438	RINCON_542A1B9463A801400	volume	RenderingControl
1779347823696	RINCON_542A1B9463A801400	volume	RenderingControl
1779347823893	RINCON_542A1B9463A801400	volume	RenderingControl
1779347823955	RINCON_542A1B9463A801400	volume	RenderingControl
1779347826770	RINCON_542A1B9463A801400	current_track	AVTransport
1779347850370	RINCON_542A1B9463A801400	volume	RenderingControl
1779347850997	RINCON_542A1B9463A801400	volume	RenderingControl
1779347851521	RINCON_542A1B9463A801400	volume	RenderingControl
1779347851982	RINCON_542A1B9463A801400	volume	RenderingControl
1779347852494	RINCON_542A1B9463A801400	volume	RenderingControl
1779347852985	RINCON_542A1B9463A801400	volume	RenderingControl
1779347853489	RINCON_542A1B9463A801400	volume	RenderingControl
1779347853988	RINCON_542A1B9463A801400	volume	RenderingControl
1779347854765	RINCON_542A1B9463A801400	volume	RenderingControl
1779347855265	RINCON_542A1B9463A801400	volume	RenderingControl
1779347855771	RINCON_542A1B9463A801400	volume	RenderingControl
1779347856285	RINCON_542A1B9463A801400	volume	RenderingControl
1779347856771	RINCON_542A1B9463A801400	volume	RenderingControl
1779347857263	RINCON_542A1B9463A801400	volume	RenderingControl
1779347857766	RINCON_542A1B9463A801400	volume	RenderingControl
1779347858277	RINCON_542A1B9463A801400	volume	RenderingControl
1779347858770	RINCON_542A1B9463A801400	volume	RenderingControl
