    Finished `release` profile [optimized] target(s) in 0.21s
     Running `native\target\release\examples\spike-reactive.exe`
==== v0.4 spike — Path A (sonos-sdk-state) rev 2 ====
Discovered 2 speakers:
  RINCON_542A1B9463A801400 "Living Room" 10.83.0.103
  RINCON_7828CAE858CA01400 "Kitchen" 10.83.0.105
[2m2026-05-21T06:35:46.226948Z[0m [32m INFO[0m [2msonos_state::state[0m[2m:[0m StateManager event worker started
[2m2026-05-21T06:35:46.226997Z[0m [32m INFO[0m [2msonos_state::event_worker[0m[2m:[0m State event worker started, waiting for events...
[2m2026-05-21T06:35:46.226999Z[0m [32m INFO[0m [2msonos_state::state[0m[2m:[0m StateManager created (sync-first mode)
Topology initialized (one-group-per-speaker).
Registering watches + subscriptions:
  RINCON_542A1B9463A801400 "Living Room" — vol=None mute=None play=None track=None pos=None
  RINCON_7828CAE858CA01400 "Kitchen" — vol=None mute=None play=None track=None pos=None
Watching events. Ctrl-C to exit.
epoch_ms	speaker_id	property	service
[2m2026-05-21T06:35:46.227008Z[0m [32m INFO[0m [2msonos_stream::broker[0m[2m:[0m Initializing EventBroker [3mconfig[0m[2m=[0mBrokerConfig { callback_port_range: (3400, 3500), event_timeout: 30s, polling_activation_delay: 5s, base_polling_interval: 5s, max_polling_interval: 30s, subscription_timeout: 1800s, event_buffer_size: 1000, max_concurrent_polls: 50, enable_proactive_firewall_detection: true, firewall_event_wait_timeout: 15s, enable_firewall_caching: true, max_cached_device_states: 100, max_registrations: 1000, adaptive_polling: true, renewal_threshold: 300s, force_polling_mode: false }
[2m2026-05-21T06:35:46.227368Z[0m [32m INFO[0m [2mcallback_server::server[0m[2m:[0m CallbackServer listening - ready to process UPnP events [3maddress[0m[2m=[0m0.0.0.0:3400
[2m2026-05-21T06:35:46.227454Z[0m [32m INFO[0m [2msonos_stream::broker[0m[2m:[0m Firewall detection coordinator enabled [3mtimeout[0m[2m=[0m15s
[2m2026-05-21T06:35:46.227475Z[0m [32m INFO[0m [2msonos_stream::broker[0m[2m:[0m EventBroker initialized successfully
[2m2026-05-21T06:35:46.227485Z[0m [32m INFO[0m [2msonos_event_manager::worker[0m[2m:[0m Event worker started
[2m2026-05-21T06:35:46.262973Z[0m [32m INFO[0m [2msonos_stream::events::processor[0m[2m:[0m Starting UPnP event processing using sonos-api framework
[2m2026-05-21T06:35:46.262997Z[0m [32m INFO[0m [2msonos_stream::broker[0m[2m:[0m Starting polling request processing
[2m2026-05-21T06:35:46.263008Z[0m [32m INFO[0m [2msonos_stream::broker[0m[2m:[0m Starting subscription renewal monitoring
[2m2026-05-21T06:35:46.263236Z[0m [32m INFO[0m [2mcallback_server::firewall_detection[0m[2m:[0m Firewall detection: Event received from device, marking as accessible [3mdevice_ip[0m[2m=[0m10.83.0.103 [3melapsed[0m[2m=[0m35.7332ms [3mstatus[0m[2m=[0mAccessible
[2m2026-05-21T06:35:46.263298Z[0m [32m INFO[0m [2mcallback_server::firewall_detection[0m[2m:[0m Firewall detection: Events accessible from device [3mdevice_ip[0m[2m=[0m10.83.0.103 [3mreason[0m[2m=[0mEventReceived [3mstatus[0m[2m=[0mAccessible
1779345346263	RINCON_542A1B9463A801400	volume	RenderingControl
1779345346263	RINCON_542A1B9463A801400	mute	RenderingControl
[2m2026-05-21T06:35:46.263733Z[0m [32m INFO[0m [2mcallback_server::firewall_detection[0m[2m:[0m Firewall detection: Event received from device, marking as accessible [3mdevice_ip[0m[2m=[0m10.83.0.105 [3melapsed[0m[2m=[0m26.1192ms [3mstatus[0m[2m=[0mAccessible
[2m2026-05-21T06:35:46.263804Z[0m [32m INFO[0m [2mcallback_server::firewall_detection[0m[2m:[0m Firewall detection: Events accessible from device [3mdevice_ip[0m[2m=[0m10.83.0.105 [3mreason[0m[2m=[0mEventReceived [3mstatus[0m[2m=[0mAccessible
1779345346263	RINCON_7828CAE858CA01400	volume	RenderingControl
1779345346263	RINCON_7828CAE858CA01400	mute	RenderingControl
1779345346271	RINCON_542A1B9463A801400	playback_state	AVTransport
1779345346271	RINCON_542A1B9463A801400	position	AVTransport
1779345346271	RINCON_542A1B9463A801400	current_track	AVTransport
1779345346276	RINCON_7828CAE858CA01400	playback_state	AVTransport
1779345346276	RINCON_7828CAE858CA01400	position	AVTransport
1779345346276	RINCON_7828CAE858CA01400	current_track	AVTransport
[2m2026-05-21T06:36:16.265287Z[0m [32m INFO[0m [2msonos_stream::polling::scheduler[0m[2m:[0m Started polling [3mspeaker_ip[0m[2m=[0m10.83.0.105 [3mservice[0m[2m=[0mRenderingControl
[2m2026-05-21T06:36:16.265319Z[0m [32m INFO[0m [2msonos_stream::polling::scheduler[0m[2m:[0m Started polling [3mspeaker_ip[0m[2m=[0m10.83.0.103 [3mservice[0m[2m=[0mAVTransport
[2m2026-05-21T06:36:16.265327Z[0m [32m INFO[0m [2msonos_stream::polling::scheduler[0m[2m:[0m Started polling [3mspeaker_ip[0m[2m=[0m10.83.0.103 [3mservice[0m[2m=[0mRenderingControl
[2m2026-05-21T06:36:16.265333Z[0m [32m INFO[0m [2msonos_stream::polling::scheduler[0m[2m:[0m Started polling [3mspeaker_ip[0m[2m=[0m10.83.0.105 [3mservice[0m[2m=[0mAVTransport
[2m2026-05-21T06:36:16.265343Z[0m [32m INFO[0m [2msonos_stream::polling::scheduler[0m[2m:[0m Starting polling task [3mspeaker_ip[0m[2m=[0m10.83.0.105 [3mservice[0m[2m=[0mRenderingControl [3mcurrent_interval[0m[2m=[0m5s
[2m2026-05-21T06:36:16.265351Z[0m [32m INFO[0m [2msonos_stream::polling::scheduler[0m[2m:[0m Starting polling task [3mspeaker_ip[0m[2m=[0m10.83.0.103 [3mservice[0m[2m=[0mAVTransport [3mcurrent_interval[0m[2m=[0m5s
[2m2026-05-21T06:36:16.265355Z[0m [32m INFO[0m [2msonos_stream::polling::scheduler[0m[2m:[0m Starting polling task [3mspeaker_ip[0m[2m=[0m10.83.0.103 [3mservice[0m[2m=[0mRenderingControl [3mcurrent_interval[0m[2m=[0m5s
[2m2026-05-21T06:36:16.265358Z[0m [32m INFO[0m [2msonos_stream::polling::scheduler[0m[2m:[0m Starting polling task [3mspeaker_ip[0m[2m=[0m10.83.0.105 [3mservice[0m[2m=[0mAVTransport [3mcurrent_interval[0m[2m=[0m5s
1779345381313	RINCON_542A1B9463A801400	position	AVTransport
1779345381313	RINCON_542A1B9463A801400	current_track	AVTransport
1779345381329	RINCON_7828CAE858CA01400	current_track	AVTransport
1779345383861	RINCON_542A1B9463A801400	position	AVTransport
1779345385896	RINCON_542A1B9463A801400	position	AVTransport
1779345387947	RINCON_542A1B9463A801400	position	AVTransport
1779345389984	RINCON_542A1B9463A801400	position	AVTransport
1779345392014	RINCON_542A1B9463A801400	position	AVTransport
1779345394055	RINCON_542A1B9463A801400	position	AVTransport
1779345396083	RINCON_542A1B9463A801400	position	AVTransport
1779345398110	RINCON_542A1B9463A801400	position	AVTransport
1779345400142	RINCON_542A1B9463A801400	position	AVTransport
1779345402184	RINCON_542A1B9463A801400	position	AVTransport
1779345404237	RINCON_542A1B9463A801400	position	AVTransport
1779345405657	RINCON_542A1B9463A801400	position	AVTransport
1779345405657	RINCON_542A1B9463A801400	current_track	AVTransport
1779345406280	RINCON_542A1B9463A801400	position	AVTransport
1779345406280	RINCON_542A1B9463A801400	current_track	AVTransport
1779345408330	RINCON_542A1B9463A801400	position	AVTransport
1779345410392	RINCON_542A1B9463A801400	position	AVTransport
1779345412425	RINCON_542A1B9463A801400	position	AVTransport
1779345414473	RINCON_542A1B9463A801400	position	AVTransport
1779345416510	RINCON_542A1B9463A801400	position	AVTransport
1779345418556	RINCON_542A1B9463A801400	position	AVTransport
1779345420610	RINCON_542A1B9463A801400	position	AVTransport
1779345422653	RINCON_542A1B9463A801400	position	AVTransport
1779345424698	RINCON_542A1B9463A801400	position	AVTransport
1779345426936	RINCON_542A1B9463A801400	position	AVTransport
1779345428973	RINCON_542A1B9463A801400	position	AVTransport
1779345429771	RINCON_542A1B9463A801400	position	AVTransport
1779345429771	RINCON_542A1B9463A801400	current_track	AVTransport
1779345431015	RINCON_542A1B9463A801400	position	AVTransport
1779345431015	RINCON_542A1B9463A801400	current_track	AVTransport
1779345433069	RINCON_542A1B9463A801400	position	AVTransport
1779345435116	RINCON_542A1B9463A801400	position	AVTransport
1779345437157	RINCON_542A1B9463A801400	position	AVTransport
1779345439193	RINCON_542A1B9463A801400	position	AVTransport
1779345441233	RINCON_542A1B9463A801400	position	AVTransport
1779345443266	RINCON_542A1B9463A801400	position	AVTransport
1779345445303	RINCON_542A1B9463A801400	position	AVTransport
1779345447338	RINCON_542A1B9463A801400	position	AVTransport
1779345449385	RINCON_542A1B9463A801400	position	AVTransport
1779345451431	RINCON_542A1B9463A801400	position	AVTransport
1779345453468	RINCON_542A1B9463A801400	position	AVTransport
1779345455498	RINCON_542A1B9463A801400	position	AVTransport
1779345457534	RINCON_542A1B9463A801400	position	AVTransport
1779345459577	RINCON_542A1B9463A801400	position	AVTransport
1779345461618	RINCON_542A1B9463A801400	position	AVTransport
1779345463668	RINCON_542A1B9463A801400	position	AVTransport
1779345465706	RINCON_542A1B9463A801400	position	AVTransport
1779345467734	RINCON_542A1B9463A801400	position	AVTransport
1779345469769	RINCON_542A1B9463A801400	position	AVTransport
1779345471802	RINCON_542A1B9463A801400	position	AVTransport
1779345473835	RINCON_542A1B9463A801400	position	AVTransport
1779345475874	RINCON_542A1B9463A801400	position	AVTransport
1779345477906	RINCON_542A1B9463A801400	position	AVTransport
1779345479954	RINCON_542A1B9463A801400	position	AVTransport
1779345481997	RINCON_542A1B9463A801400	position	AVTransport
1779345484047	RINCON_542A1B9463A801400	position	AVTransport
1779345486089	RINCON_542A1B9463A801400	position	AVTransport
1779345488129	RINCON_542A1B9463A801400	position	AVTransport
1779345490154	RINCON_542A1B9463A801400	position	AVTransport
1779345492192	RINCON_542A1B9463A801400	position	AVTransport
1779345494238	RINCON_542A1B9463A801400	position	AVTransport
1779345496280	RINCON_542A1B9463A801400	position	AVTransport
1779345498318	RINCON_542A1B9463A801400	position	AVTransport
1779345500387	RINCON_542A1B9463A801400	position	AVTransport
1779345502419	RINCON_542A1B9463A801400	position	AVTransport
1779345504468	RINCON_542A1B9463A801400	position	AVTransport
1779345506518	RINCON_542A1B9463A801400	position	AVTransport
1779345508548	RINCON_542A1B9463A801400	position	AVTransport
1779345510578	RINCON_542A1B9463A801400	position	AVTransport
1779345512624	RINCON_542A1B9463A801400	position	AVTransport
1779345514665	RINCON_542A1B9463A801400	position	AVTransport
1779345516705	RINCON_542A1B9463A801400	position	AVTransport
1779345518747	RINCON_542A1B9463A801400	position	AVTransport
1779345520786	RINCON_542A1B9463A801400	position	AVTransport
1779345522827	RINCON_542A1B9463A801400	position	AVTransport
1779345524860	RINCON_542A1B9463A801400	position	AVTransport
1779345526889	RINCON_542A1B9463A801400	position	AVTransport
1779345528920	RINCON_542A1B9463A801400	position	AVTransport
1779345530953	RINCON_542A1B9463A801400	position	AVTransport
1779345533004	RINCON_542A1B9463A801400	position	AVTransport
1779345535038	RINCON_542A1B9463A801400	position	AVTransport
1779345537084	RINCON_542A1B9463A801400	position	AVTransport
1779345539129	RINCON_542A1B9463A801400	position	AVTransport
1779345541162	RINCON_542A1B9463A801400	position	AVTransport
1779345543192	RINCON_542A1B9463A801400	position	AVTransport
1779345545240	RINCON_542A1B9463A801400	position	AVTransport
1779345547283	RINCON_542A1B9463A801400	position	AVTransport
1779345549325	RINCON_542A1B9463A801400	position	AVTransport
1779345551366	RINCON_542A1B9463A801400	position	AVTransport
1779345553401	RINCON_542A1B9463A801400	position	AVTransport
1779345555443	RINCON_542A1B9463A801400	position	AVTransport
1779345557485	RINCON_542A1B9463A801400	position	AVTransport
1779345559527	RINCON_542A1B9463A801400	position	AVTransport
1779345561562	RINCON_542A1B9463A801400	position	AVTransport
1779345563610	RINCON_542A1B9463A801400	position	AVTransport
1779345565666	RINCON_542A1B9463A801400	position	AVTransport
1779345567713	RINCON_542A1B9463A801400	position	AVTransport
1779345569750	RINCON_542A1B9463A801400	position	AVTransport
1779345571799	RINCON_542A1B9463A801400	position	AVTransport
1779345573847	RINCON_542A1B9463A801400	position	AVTransport
1779345575876	RINCON_542A1B9463A801400	position	AVTransport
1779345577908	RINCON_542A1B9463A801400	position	AVTransport
1779345579946	RINCON_542A1B9463A801400	position	AVTransport
1779345581990	RINCON_542A1B9463A801400	position	AVTransport
1779345584036	RINCON_542A1B9463A801400	position	AVTransport
1779345586067	RINCON_542A1B9463A801400	position	AVTransport
1779345588104	RINCON_542A1B9463A801400	position	AVTransport
1779345590149	RINCON_542A1B9463A801400	position	AVTransport
1779345592193	RINCON_542A1B9463A801400	position	AVTransport
1779345594230	RINCON_542A1B9463A801400	position	AVTransport
1779345596273	RINCON_542A1B9463A801400	position	AVTransport
1779345598325	RINCON_542A1B9463A801400	position	AVTransport
1779345600372	RINCON_542A1B9463A801400	position	AVTransport
1779345602393	RINCON_542A1B9463A801400	position	AVTransport
1779345604430	RINCON_542A1B9463A801400	position	AVTransport
1779345606463	RINCON_542A1B9463A801400	position	AVTransport
1779345608514	RINCON_542A1B9463A801400	position	AVTransport
1779345610553	RINCON_542A1B9463A801400	position	AVTransport
1779345612577	RINCON_542A1B9463A801400	position	AVTransport
1779345614620	RINCON_542A1B9463A801400	position	AVTransport
1779345616707	RINCON_542A1B9463A801400	position	AVTransport
1779345618750	RINCON_542A1B9463A801400	position	AVTransport
1779345620774	RINCON_542A1B9463A801400	position	AVTransport
1779345622812	RINCON_542A1B9463A801400	position	AVTransport
1779345624865	RINCON_542A1B9463A801400	position	AVTransport
1779345626909	RINCON_542A1B9463A801400	position	AVTransport
1779345628964	RINCON_542A1B9463A801400	position	AVTransport
1779345630997	RINCON_542A1B9463A801400	position	AVTransport
1779345633047	RINCON_542A1B9463A801400	position	AVTransport
1779345635096	RINCON_542A1B9463A801400	position	AVTransport
1779345637148	RINCON_542A1B9463A801400	position	AVTransport
1779345639205	RINCON_542A1B9463A801400	position	AVTransport
1779345641239	RINCON_542A1B9463A801400	position	AVTransport
1779345643278	RINCON_542A1B9463A801400	position	AVTransport
1779345645326	RINCON_542A1B9463A801400	position	AVTransport
1779345647374	RINCON_542A1B9463A801400	position	AVTransport
1779345649416	RINCON_542A1B9463A801400	position	AVTransport
1779345651470	RINCON_542A1B9463A801400	position	AVTransport
1779345652701	RINCON_542A1B9463A801400	position	AVTransport
1779345652701	RINCON_542A1B9463A801400	current_track	AVTransport
1779345653494	RINCON_542A1B9463A801400	position	AVTransport
1779345653494	RINCON_542A1B9463A801400	current_track	AVTransport
1779345655534	RINCON_542A1B9463A801400	position	AVTransport
1779345657577	RINCON_542A1B9463A801400	position	AVTransport
1779345659620	RINCON_542A1B9463A801400	position	AVTransport
1779345661667	RINCON_542A1B9463A801400	position	AVTransport
1779345663716	RINCON_542A1B9463A801400	position	AVTransport
1779345665751	RINCON_542A1B9463A801400	position	AVTransport
1779345667782	RINCON_542A1B9463A801400	position	AVTransport
1779345669809	RINCON_542A1B9463A801400	position	AVTransport
1779345671841	RINCON_542A1B9463A801400	position	AVTransport
1779345673875	RINCON_542A1B9463A801400	position	AVTransport
1779345675907	RINCON_542A1B9463A801400	position	AVTransport
1779345677951	RINCON_542A1B9463A801400	position	AVTransport
1779345678252	RINCON_542A1B9463A801400	position	AVTransport
1779345678252	RINCON_542A1B9463A801400	current_track	AVTransport
1779345680003	RINCON_542A1B9463A801400	position	AVTransport
1779345680003	RINCON_542A1B9463A801400	current_track	AVTransport
1779345682046	RINCON_542A1B9463A801400	position	AVTransport
1779345684085	RINCON_542A1B9463A801400	position	AVTransport
1779345686110	RINCON_542A1B9463A801400	position	AVTransport
1779345688139	RINCON_542A1B9463A801400	position	AVTransport
1779345690182	RINCON_542A1B9463A801400	position	AVTransport
1779345692227	RINCON_542A1B9463A801400	position	AVTransport
1779345694271	RINCON_542A1B9463A801400	position	AVTransport
1779345696302	RINCON_542A1B9463A801400	position	AVTransport
1779345698339	RINCON_542A1B9463A801400	position	AVTransport
1779345700379	RINCON_542A1B9463A801400	position	AVTransport
1779345702409	RINCON_542A1B9463A801400	position	AVTransport
1779345704446	RINCON_542A1B9463A801400	position	AVTransport
1779345706477	RINCON_542A1B9463A801400	position	AVTransport
1779345708516	RINCON_542A1B9463A801400	position	AVTransport
1779345710552	RINCON_542A1B9463A801400	position	AVTransport
1779345712584	RINCON_542A1B9463A801400	position	AVTransport
1779345714631	RINCON_542A1B9463A801400	position	AVTransport
1779345716664	RINCON_542A1B9463A801400	position	AVTransport
1779345718714	RINCON_542A1B9463A801400	position	AVTransport
1779345720764	RINCON_542A1B9463A801400	position	AVTransport
1779345722795	RINCON_542A1B9463A801400	position	AVTransport
1779345724823	RINCON_542A1B9463A801400	position	AVTransport
1779345726864	RINCON_542A1B9463A801400	position	AVTransport
1779345728899	RINCON_542A1B9463A801400	position	AVTransport
1779345730947	RINCON_542A1B9463A801400	position	AVTransport
1779345732983	RINCON_542A1B9463A801400	position	AVTransport
1779345735020	RINCON_542A1B9463A801400	position	AVTransport
1779345737048	RINCON_542A1B9463A801400	position	AVTransport
1779345739087	RINCON_542A1B9463A801400	position	AVTransport
1779345741130	RINCON_542A1B9463A801400	position	AVTransport
1779345743177	RINCON_542A1B9463A801400	position	AVTransport
1779345745211	RINCON_542A1B9463A801400	position	AVTransport
1779345747247	RINCON_542A1B9463A801400	position	AVTransport
1779345749273	RINCON_542A1B9463A801400	position	AVTransport
1779345751321	RINCON_542A1B9463A801400	position	AVTransport
1779345753360	RINCON_542A1B9463A801400	position	AVTransport
1779345755385	RINCON_542A1B9463A801400	position	AVTransport
1779345757417	RINCON_542A1B9463A801400	position	AVTransport
1779345759449	RINCON_542A1B9463A801400	position	AVTransport
1779345761491	RINCON_542A1B9463A801400	position	AVTransport
1779345763527	RINCON_542A1B9463A801400	position	AVTransport
1779345765557	RINCON_542A1B9463A801400	position	AVTransport
1779345767599	RINCON_542A1B9463A801400	position	AVTransport
1779345769621	RINCON_542A1B9463A801400	position	AVTransport
1779345771656	RINCON_542A1B9463A801400	position	AVTransport
1779345773703	RINCON_542A1B9463A801400	position	AVTransport
1779345775742	RINCON_542A1B9463A801400	position	AVTransport
1779345777773	RINCON_542A1B9463A801400	position	AVTransport
1779345779813	RINCON_542A1B9463A801400	position	AVTransport
1779345781845	RINCON_542A1B9463A801400	position	AVTransport
1779345783874	RINCON_542A1B9463A801400	position	AVTransport
1779345785902	RINCON_542A1B9463A801400	position	AVTransport
1779345787934	RINCON_542A1B9463A801400	position	AVTransport
1779345789976	RINCON_542A1B9463A801400	position	AVTransport
1779345792017	RINCON_542A1B9463A801400	position	AVTransport
1779345794061	RINCON_542A1B9463A801400	position	AVTransport
1779345796091	RINCON_542A1B9463A801400	position	AVTransport
1779345798127	RINCON_542A1B9463A801400	position	AVTransport
1779345800165	RINCON_542A1B9463A801400	position	AVTransport
1779345802202	RINCON_542A1B9463A801400	position	AVTransport
1779345804244	RINCON_542A1B9463A801400	position	AVTransport
1779345806280	RINCON_542A1B9463A801400	position	AVTransport
1779345808312	RINCON_542A1B9463A801400	position	AVTransport
1779345810345	RINCON_542A1B9463A801400	position	AVTransport
1779345812375	RINCON_542A1B9463A801400	position	AVTransport
1779345814412	RINCON_542A1B9463A801400	position	AVTransport
1779345816451	RINCON_542A1B9463A801400	position	AVTransport
1779345818498	RINCON_542A1B9463A801400	position	AVTransport
1779345820538	RINCON_542A1B9463A801400	position	AVTransport
1779345822562	RINCON_542A1B9463A801400	position	AVTransport
1779345824599	RINCON_542A1B9463A801400	position	AVTransport
1779345826635	RINCON_542A1B9463A801400	position	AVTransport
1779345828674	RINCON_542A1B9463A801400	position	AVTransport
1779345830715	RINCON_542A1B9463A801400	position	AVTransport
1779345832771	RINCON_542A1B9463A801400	position	AVTransport
1779345834814	RINCON_542A1B9463A801400	position	AVTransport
1779345836858	RINCON_542A1B9463A801400	position	AVTransport
1779345838892	RINCON_542A1B9463A801400	position	AVTransport
1779345840928	RINCON_542A1B9463A801400	position	AVTransport
1779345842965	RINCON_542A1B9463A801400	position	AVTransport
1779345845001	RINCON_542A1B9463A801400	position	AVTransport
1779345847033	RINCON_542A1B9463A801400	position	AVTransport
1779345849085	RINCON_542A1B9463A801400	position	AVTransport
1779345851119	RINCON_542A1B9463A801400	position	AVTransport
1779345853160	RINCON_542A1B9463A801400	position	AVTransport
1779345855204	RINCON_542A1B9463A801400	position	AVTransport
1779345857248	RINCON_542A1B9463A801400	position	AVTransport
1779345859290	RINCON_542A1B9463A801400	position	AVTransport
1779345861317	RINCON_542A1B9463A801400	position	AVTransport
1779345863345	RINCON_542A1B9463A801400	position	AVTransport
1779345865394	RINCON_542A1B9463A801400	position	AVTransport
1779345867433	RINCON_542A1B9463A801400	position	AVTransport
1779345869456	RINCON_542A1B9463A801400	position	AVTransport
1779345871501	RINCON_542A1B9463A801400	position	AVTransport
1779345873538	RINCON_542A1B9463A801400	position	AVTransport
1779345875583	RINCON_542A1B9463A801400	position	AVTransport
1779345877624	RINCON_542A1B9463A801400	position	AVTransport
1779345879665	RINCON_542A1B9463A801400	position	AVTransport
1779345881713	RINCON_542A1B9463A801400	position	AVTransport
1779345883749	RINCON_542A1B9463A801400	position	AVTransport
1779345885790	RINCON_542A1B9463A801400	position	AVTransport
1779345887824	RINCON_542A1B9463A801400	position	AVTransport
1779345889863	RINCON_542A1B9463A801400	position	AVTransport
1779345891906	RINCON_542A1B9463A801400	position	AVTransport
1779345893938	RINCON_542A1B9463A801400	position	AVTransport
1779345895962	RINCON_542A1B9463A801400	position	AVTransport
1779345897996	RINCON_542A1B9463A801400	position	AVTransport
1779345900025	RINCON_542A1B9463A801400	position	AVTransport
1779345902072	RINCON_542A1B9463A801400	position	AVTransport
1779345904112	RINCON_542A1B9463A801400	position	AVTransport
1779345906157	RINCON_542A1B9463A801400	position	AVTransport
1779345908206	RINCON_542A1B9463A801400	position	AVTransport
1779345910245	RINCON_542A1B9463A801400	position	AVTransport
1779345912290	RINCON_542A1B9463A801400	position	AVTransport
1779345914342	RINCON_542A1B9463A801400	position	AVTransport
1779345916389	RINCON_542A1B9463A801400	position	AVTransport
1779345918426	RINCON_542A1B9463A801400	position	AVTransport
1779345920472	RINCON_542A1B9463A801400	position	AVTransport
1779345922504	RINCON_542A1B9463A801400	position	AVTransport
1779345924539	RINCON_542A1B9463A801400	position	AVTransport
1779345926590	RINCON_542A1B9463A801400	position	AVTransport
1779345926590	RINCON_542A1B9463A801400	current_track	AVTransport
1779345926594	RINCON_542A1B9463A801400	position	AVTransport
1779345926594	RINCON_542A1B9463A801400	current_track	AVTransport
1779345928629	RINCON_542A1B9463A801400	position	AVTransport
1779345930665	RINCON_542A1B9463A801400	position	AVTransport
1779345932707	RINCON_542A1B9463A801400	position	AVTransport
1779345934758	RINCON_542A1B9463A801400	position	AVTransport
1779345936805	RINCON_542A1B9463A801400	position	AVTransport
1779345938852	RINCON_542A1B9463A801400	position	AVTransport
1779345940898	RINCON_542A1B9463A801400	position	AVTransport
1779345942934	RINCON_542A1B9463A801400	position	AVTransport
1779345944959	RINCON_542A1B9463A801400	position	AVTransport
1779345947000	RINCON_542A1B9463A801400	position	AVTransport
1779345949045	RINCON_542A1B9463A801400	position	AVTransport
1779345950446	RINCON_542A1B9463A801400	position	AVTransport
1779345950446	RINCON_542A1B9463A801400	current_track	AVTransport
1779345951070	RINCON_542A1B9463A801400	current_track	AVTransport
1779345953108	RINCON_542A1B9463A801400	position	AVTransport
1779345955159	RINCON_542A1B9463A801400	position	AVTransport
1779345957198	RINCON_542A1B9463A801400	position	AVTransport
1779345959241	RINCON_542A1B9463A801400	position	AVTransport
1779345961267	RINCON_542A1B9463A801400	position	AVTransport
1779345963325	RINCON_542A1B9463A801400	position	AVTransport
1779345965351	RINCON_542A1B9463A801400	position	AVTransport
1779345967394	RINCON_542A1B9463A801400	position	AVTransport
1779345969441	RINCON_542A1B9463A801400	position	AVTransport
1779345971476	RINCON_542A1B9463A801400	position	AVTransport
1779345973501	RINCON_542A1B9463A801400	position	AVTransport
1779345975529	RINCON_542A1B9463A801400	position	AVTransport
1779345977577	RINCON_542A1B9463A801400	position	AVTransport
1779345979620	RINCON_542A1B9463A801400	position	AVTransport
1779345981643	RINCON_542A1B9463A801400	position	AVTransport
1779345983675	RINCON_542A1B9463A801400	position	AVTransport
1779345985714	RINCON_542A1B9463A801400	position	AVTransport
1779345987757	RINCON_542A1B9463A801400	position	AVTransport
1779345989787	RINCON_542A1B9463A801400	position	AVTransport
1779345991818	RINCON_542A1B9463A801400	position	AVTransport
1779345993859	RINCON_542A1B9463A801400	position	AVTransport
1779345995908	RINCON_542A1B9463A801400	position	AVTransport
1779345997957	RINCON_542A1B9463A801400	position	AVTransport
1779346000003	RINCON_542A1B9463A801400	position	AVTransport
1779346002043	RINCON_542A1B9463A801400	position	AVTransport
1779346004081	RINCON_542A1B9463A801400	position	AVTransport
1779346006113	RINCON_542A1B9463A801400	position	AVTransport
1779346008154	RINCON_542A1B9463A801400	position	AVTransport
1779346010187	RINCON_542A1B9463A801400	position	AVTransport
1779346012213	RINCON_542A1B9463A801400	position	AVTransport
1779346014245	RINCON_542A1B9463A801400	position	AVTransport
1779346016285	RINCON_542A1B9463A801400	position	AVTransport
1779346018322	RINCON_542A1B9463A801400	position	AVTransport
1779346020393	RINCON_542A1B9463A801400	position	AVTransport
1779346022432	RINCON_542A1B9463A801400	position	AVTransport
1779346024512	RINCON_542A1B9463A801400	position	AVTransport
1779346026571	RINCON_542A1B9463A801400	position	AVTransport
1779346028620	RINCON_542A1B9463A801400	position	AVTransport
1779346030656	RINCON_542A1B9463A801400	position	AVTransport
1779346032704	RINCON_542A1B9463A801400	position	AVTransport
1779346034730	RINCON_542A1B9463A801400	position	AVTransport
1779346036780	RINCON_542A1B9463A801400	position	AVTransport
1779346038816	RINCON_542A1B9463A801400	position	AVTransport
1779346040883	RINCON_542A1B9463A801400	position	AVTransport
1779346042929	RINCON_542A1B9463A801400	position	AVTransport
1779346044968	RINCON_542A1B9463A801400	position	AVTransport
1779346047006	RINCON_542A1B9463A801400	position	AVTransport
1779346049067	RINCON_542A1B9463A801400	position	AVTransport
1779346051113	RINCON_542A1B9463A801400	position	AVTransport
1779346053165	RINCON_542A1B9463A801400	position	AVTransport
1779346055201	RINCON_542A1B9463A801400	position	AVTransport
1779346057244	RINCON_542A1B9463A801400	position	AVTransport
1779346059329	RINCON_542A1B9463A801400	position	AVTransport
1779346061400	RINCON_542A1B9463A801400	position	AVTransport
1779346063434	RINCON_542A1B9463A801400	position	AVTransport
1779346065462	RINCON_542A1B9463A801400	position	AVTransport
1779346067489	RINCON_542A1B9463A801400	position	AVTransport
1779346069530	RINCON_542A1B9463A801400	position	AVTransport
1779346071591	RINCON_542A1B9463A801400	position	AVTransport
1779346073628	RINCON_542A1B9463A801400	position	AVTransport
1779346075665	RINCON_542A1B9463A801400	position	AVTransport
1779346077692	RINCON_542A1B9463A801400	position	AVTransport
1779346079734	RINCON_542A1B9463A801400	position	AVTransport
1779346081779	RINCON_542A1B9463A801400	position	AVTransport
1779346083823	RINCON_542A1B9463A801400	position	AVTransport
1779346085877	RINCON_542A1B9463A801400	position	AVTransport
1779346087927	RINCON_542A1B9463A801400	position	AVTransport
1779346089969	RINCON_542A1B9463A801400	position	AVTransport
1779346092018	RINCON_542A1B9463A801400	position	AVTransport
1779346094050	RINCON_542A1B9463A801400	position	AVTransport
1779346096099	RINCON_542A1B9463A801400	position	AVTransport
1779346098129	RINCON_542A1B9463A801400	position	AVTransport
1779346100169	RINCON_542A1B9463A801400	position	AVTransport
1779346102205	RINCON_542A1B9463A801400	position	AVTransport
1779346104248	RINCON_542A1B9463A801400	position	AVTransport
1779346106297	RINCON_542A1B9463A801400	position	AVTransport
1779346108340	RINCON_542A1B9463A801400	position	AVTransport
1779346110384	RINCON_542A1B9463A801400	position	AVTransport
1779346112423	RINCON_542A1B9463A801400	position	AVTransport
1779346114470	RINCON_542A1B9463A801400	position	AVTransport
1779346116505	RINCON_542A1B9463A801400	position	AVTransport
1779346118549	RINCON_542A1B9463A801400	position	AVTransport
1779346120585	RINCON_542A1B9463A801400	position	AVTransport
1779346122629	RINCON_542A1B9463A801400	position	AVTransport
1779346124663	RINCON_542A1B9463A801400	position	AVTransport
1779346126715	RINCON_542A1B9463A801400	position	AVTransport
1779346128757	RINCON_542A1B9463A801400	position	AVTransport
1779346130785	RINCON_542A1B9463A801400	position	AVTransport
1779346132826	RINCON_542A1B9463A801400	position	AVTransport
1779346134342	RINCON_542A1B9463A801400	position	AVTransport
1779346134342	RINCON_542A1B9463A801400	current_track	AVTransport
1779346134871	RINCON_542A1B9463A801400	position	AVTransport
1779346134871	RINCON_542A1B9463A801400	current_track	AVTransport
1779346136919	RINCON_542A1B9463A801400	position	AVTransport
1779346138962	RINCON_542A1B9463A801400	position	AVTransport
1779346141007	RINCON_542A1B9463A801400	position	AVTransport
1779346143044	RINCON_542A1B9463A801400	position	AVTransport
1779346145072	RINCON_542A1B9463A801400	position	AVTransport
1779346147110	RINCON_542A1B9463A801400	position	AVTransport
1779346149158	RINCON_542A1B9463A801400	position	AVTransport
1779346151204	RINCON_542A1B9463A801400	position	AVTransport
1779346153244	RINCON_542A1B9463A801400	position	AVTransport
1779346155291	RINCON_542A1B9463A801400	position	AVTransport
1779346157331	RINCON_542A1B9463A801400	position	AVTransport
1779346157700	RINCON_542A1B9463A801400	position	AVTransport
1779346157700	RINCON_542A1B9463A801400	current_track	AVTransport
1779346159373	RINCON_542A1B9463A801400	position	AVTransport
1779346159373	RINCON_542A1B9463A801400	current_track	AVTransport
1779346161412	RINCON_542A1B9463A801400	position	AVTransport
1779346163444	RINCON_542A1B9463A801400	position	AVTransport
1779346165478	RINCON_542A1B9463A801400	position	AVTransport
1779346167527	RINCON_542A1B9463A801400	position	AVTransport
1779346169549	RINCON_542A1B9463A801400	position	AVTransport
1779346171597	RINCON_542A1B9463A801400	position	AVTransport
1779346173630	RINCON_542A1B9463A801400	position	AVTransport
1779346175667	RINCON_542A1B9463A801400	position	AVTransport
1779346177710	RINCON_542A1B9463A801400	position	AVTransport
1779346179739	RINCON_542A1B9463A801400	position	AVTransport
1779346181769	RINCON_542A1B9463A801400	position	AVTransport
1779346183812	RINCON_542A1B9463A801400	position	AVTransport
1779346185853	RINCON_542A1B9463A801400	position	AVTransport
1779346187892	RINCON_542A1B9463A801400	position	AVTransport
1779346189946	RINCON_542A1B9463A801400	position	AVTransport
1779346192067	RINCON_542A1B9463A801400	position	AVTransport
1779346194114	RINCON_542A1B9463A801400	position	AVTransport
1779346196144	RINCON_542A1B9463A801400	position	AVTransport
1779346198191	RINCON_542A1B9463A801400	position	AVTransport
1779346200235	RINCON_542A1B9463A801400	position	AVTransport
1779346202266	RINCON_542A1B9463A801400	position	AVTransport
1779346204305	RINCON_542A1B9463A801400	position	AVTransport
1779346206344	RINCON_542A1B9463A801400	position	AVTransport
1779346208383	RINCON_542A1B9463A801400	position	AVTransport
1779346210407	RINCON_542A1B9463A801400	position	AVTransport
1779346212449	RINCON_542A1B9463A801400	position	AVTransport
1779346214490	RINCON_542A1B9463A801400	position	AVTransport
1779346216531	RINCON_542A1B9463A801400	position	AVTransport
1779346218569	RINCON_542A1B9463A801400	position	AVTransport
1779346220601	RINCON_542A1B9463A801400	position	AVTransport
1779346222629	RINCON_542A1B9463A801400	position	AVTransport
1779346224677	RINCON_542A1B9463A801400	position	AVTransport
1779346226707	RINCON_542A1B9463A801400	position	AVTransport
1779346228730	RINCON_542A1B9463A801400	position	AVTransport
1779346230770	RINCON_542A1B9463A801400	position	AVTransport
1779346232816	RINCON_542A1B9463A801400	position	AVTransport
1779346234856	RINCON_542A1B9463A801400	position	AVTransport
1779346236900	RINCON_542A1B9463A801400	position	AVTransport
1779346238929	RINCON_542A1B9463A801400	position	AVTransport
1779346240972	RINCON_542A1B9463A801400	position	AVTransport
1779346243010	RINCON_542A1B9463A801400	position	AVTransport
1779346245074	RINCON_542A1B9463A801400	position	AVTransport
1779346247103	RINCON_542A1B9463A801400	position	AVTransport
1779346249143	RINCON_542A1B9463A801400	position	AVTransport
1779346251190	RINCON_542A1B9463A801400	position	AVTransport
1779346253227	RINCON_542A1B9463A801400	position	AVTransport
1779346255258	RINCON_542A1B9463A801400	position	AVTransport
1779346257289	RINCON_542A1B9463A801400	position	AVTransport
1779346259324	RINCON_542A1B9463A801400	position	AVTransport
1779346261369	RINCON_542A1B9463A801400	position	AVTransport
1779346263412	RINCON_542A1B9463A801400	position	AVTransport
1779346265445	RINCON_542A1B9463A801400	position	AVTransport
1779346267488	RINCON_542A1B9463A801400	position	AVTransport
1779346269524	RINCON_542A1B9463A801400	position	AVTransport
1779346271571	RINCON_542A1B9463A801400	position	AVTransport
1779346273604	RINCON_542A1B9463A801400	position	AVTransport
1779346275635	RINCON_542A1B9463A801400	position	AVTransport
1779346277668	RINCON_542A1B9463A801400	position	AVTransport
1779346279713	RINCON_542A1B9463A801400	position	AVTransport
1779346281750	RINCON_542A1B9463A801400	position	AVTransport
1779346283776	RINCON_542A1B9463A801400	position	AVTransport
1779346285860	RINCON_542A1B9463A801400	position	AVTransport
1779346287897	RINCON_542A1B9463A801400	position	AVTransport
1779346289925	RINCON_542A1B9463A801400	position	AVTransport
1779346291966	RINCON_542A1B9463A801400	position	AVTransport
1779346294000	RINCON_542A1B9463A801400	position	AVTransport
1779346296053	RINCON_542A1B9463A801400	position	AVTransport
1779346298104	RINCON_542A1B9463A801400	position	AVTransport
1779346300142	RINCON_542A1B9463A801400	position	AVTransport
1779346302184	RINCON_542A1B9463A801400	position	AVTransport
1779346304225	RINCON_542A1B9463A801400	position	AVTransport
1779346306275	RINCON_542A1B9463A801400	position	AVTransport
1779346308317	RINCON_542A1B9463A801400	position	AVTransport
1779346310351	RINCON_542A1B9463A801400	position	AVTransport
1779346312387	RINCON_542A1B9463A801400	position	AVTransport
1779346314435	RINCON_542A1B9463A801400	position	AVTransport
1779346316477	RINCON_542A1B9463A801400	position	AVTransport
1779346318534	RINCON_542A1B9463A801400	position	AVTransport
1779346320575	RINCON_542A1B9463A801400	position	AVTransport
1779346322604	RINCON_542A1B9463A801400	position	AVTransport
1779346324633	RINCON_542A1B9463A801400	position	AVTransport
1779346326668	RINCON_542A1B9463A801400	position	AVTransport
1779346328696	RINCON_542A1B9463A801400	position	AVTransport
1779346330723	RINCON_542A1B9463A801400	position	AVTransport
1779346332761	RINCON_542A1B9463A801400	position	AVTransport
1779346334808	RINCON_542A1B9463A801400	position	AVTransport
1779346336847	RINCON_542A1B9463A801400	position	AVTransport
1779346338906	RINCON_542A1B9463A801400	position	AVTransport
1779346340971	RINCON_542A1B9463A801400	position	AVTransport
1779346343009	RINCON_542A1B9463A801400	position	AVTransport
1779346345081	RINCON_542A1B9463A801400	position	AVTransport
1779346347115	RINCON_542A1B9463A801400	position	AVTransport
1779346349152	RINCON_542A1B9463A801400	position	AVTransport
1779346351185	RINCON_542A1B9463A801400	position	AVTransport
1779346353211	RINCON_542A1B9463A801400	position	AVTransport
1779346355248	RINCON_542A1B9463A801400	position	AVTransport
1779346357286	RINCON_542A1B9463A801400	position	AVTransport
1779346359335	RINCON_542A1B9463A801400	position	AVTransport
1779346361367	RINCON_542A1B9463A801400	position	AVTransport
1779346362860	RINCON_542A1B9463A801400	position	AVTransport
1779346362860	RINCON_542A1B9463A801400	current_track	AVTransport
1779346363400	RINCON_542A1B9463A801400	position	AVTransport
1779346363400	RINCON_542A1B9463A801400	current_track	AVTransport
1779346365584	RINCON_542A1B9463A801400	position	AVTransport
1779346367618	RINCON_542A1B9463A801400	position	AVTransport
1779346369655	RINCON_542A1B9463A801400	position	AVTransport
1779346371686	RINCON_542A1B9463A801400	position	AVTransport
1779346373733	RINCON_542A1B9463A801400	position	AVTransport
1779346375773	RINCON_542A1B9463A801400	position	AVTransport
1779346377808	RINCON_542A1B9463A801400	position	AVTransport
1779346379852	RINCON_542A1B9463A801400	position	AVTransport
1779346381894	RINCON_542A1B9463A801400	position	AVTransport
1779346383926	RINCON_542A1B9463A801400	position	AVTransport
1779346385959	RINCON_542A1B9463A801400	position	AVTransport
1779346388003	RINCON_542A1B9463A801400	position	AVTransport
1779346390054	RINCON_542A1B9463A801400	position	AVTransport
1779346390932	RINCON_542A1B9463A801400	position	AVTransport
1779346390932	RINCON_542A1B9463A801400	current_track	AVTransport
1779346392107	RINCON_542A1B9463A801400	position	AVTransport
1779346392107	RINCON_542A1B9463A801400	current_track	AVTransport
1779346394152	RINCON_542A1B9463A801400	position	AVTransport
1779346396197	RINCON_542A1B9463A801400	position	AVTransport
1779346398234	RINCON_542A1B9463A801400	position	AVTransport
1779346400274	RINCON_542A1B9463A801400	position	AVTransport
1779346402304	RINCON_542A1B9463A801400	position	AVTransport
1779346404341	RINCON_542A1B9463A801400	position	AVTransport
1779346406383	RINCON_542A1B9463A801400	position	AVTransport
1779346408452	RINCON_542A1B9463A801400	position	AVTransport
1779346410518	RINCON_542A1B9463A801400	position	AVTransport
1779346412547	RINCON_542A1B9463A801400	position	AVTransport
1779346414591	RINCON_542A1B9463A801400	position	AVTransport
1779346416668	RINCON_542A1B9463A801400	position	AVTransport
1779346418713	RINCON_542A1B9463A801400	position	AVTransport
1779346420761	RINCON_542A1B9463A801400	position	AVTransport
1779346422808	RINCON_542A1B9463A801400	position	AVTransport
1779346424838	RINCON_542A1B9463A801400	position	AVTransport
1779346426869	RINCON_542A1B9463A801400	position	AVTransport
1779346428912	RINCON_542A1B9463A801400	position	AVTransport
1779346430946	RINCON_542A1B9463A801400	position	AVTransport
1779346432981	RINCON_542A1B9463A801400	position	AVTransport
1779346435012	RINCON_542A1B9463A801400	position	AVTransport
1779346437099	RINCON_542A1B9463A801400	position	AVTransport
1779346439124	RINCON_542A1B9463A801400	position	AVTransport
1779346441158	RINCON_542A1B9463A801400	position	AVTransport
1779346443214	RINCON_542A1B9463A801400	position	AVTransport
1779346445257	RINCON_542A1B9463A801400	position	AVTransport
1779346447303	RINCON_542A1B9463A801400	position	AVTransport
1779346449343	RINCON_542A1B9463A801400	position	AVTransport
1779346451384	RINCON_542A1B9463A801400	position	AVTransport
1779346453429	RINCON_542A1B9463A801400	position	AVTransport
1779346455460	RINCON_542A1B9463A801400	position	AVTransport
1779346457484	RINCON_542A1B9463A801400	position	AVTransport
1779346459534	RINCON_542A1B9463A801400	position	AVTransport
1779346461576	RINCON_542A1B9463A801400	position	AVTransport
1779346463614	RINCON_542A1B9463A801400	position	AVTransport
1779346465675	RINCON_542A1B9463A801400	position	AVTransport
1779346467705	RINCON_542A1B9463A801400	position	AVTransport
1779346469742	RINCON_542A1B9463A801400	position	AVTransport
1779346471776	RINCON_542A1B9463A801400	position	AVTransport
1779346473816	RINCON_542A1B9463A801400	position	AVTransport
1779346475849	RINCON_542A1B9463A801400	position	AVTransport
1779346477879	RINCON_542A1B9463A801400	position	AVTransport
1779346479925	RINCON_542A1B9463A801400	position	AVTransport
1779346481963	RINCON_542A1B9463A801400	position	AVTransport
1779346484002	RINCON_542A1B9463A801400	position	AVTransport
1779346486022	RINCON_542A1B9463A801400	position	AVTransport
1779346488054	RINCON_542A1B9463A801400	position	AVTransport
1779346490096	RINCON_542A1B9463A801400	position	AVTransport
1779346492144	RINCON_542A1B9463A801400	position	AVTransport
1779346494167	RINCON_542A1B9463A801400	position	AVTransport
1779346496204	RINCON_542A1B9463A801400	position	AVTransport
1779346498241	RINCON_542A1B9463A801400	position	AVTransport
1779346500274	RINCON_542A1B9463A801400	position	AVTransport
1779346502301	RINCON_542A1B9463A801400	position	AVTransport
1779346504342	RINCON_542A1B9463A801400	position	AVTransport
1779346506382	RINCON_542A1B9463A801400	position	AVTransport
1779346508433	RINCON_542A1B9463A801400	position	AVTransport
1779346510479	RINCON_542A1B9463A801400	position	AVTransport
1779346512526	RINCON_542A1B9463A801400	position	AVTransport
1779346514552	RINCON_542A1B9463A801400	position	AVTransport
1779346516591	RINCON_542A1B9463A801400	position	AVTransport
1779346518633	RINCON_542A1B9463A801400	position	AVTransport
1779346520678	RINCON_542A1B9463A801400	position	AVTransport
1779346522715	RINCON_542A1B9463A801400	position	AVTransport
1779346524746	RINCON_542A1B9463A801400	position	AVTransport
1779346526772	RINCON_542A1B9463A801400	position	AVTransport
1779346528811	RINCON_542A1B9463A801400	position	AVTransport
1779346530851	RINCON_542A1B9463A801400	position	AVTransport
1779346532898	RINCON_542A1B9463A801400	position	AVTransport
1779346534937	RINCON_542A1B9463A801400	position	AVTransport
1779346536961	RINCON_542A1B9463A801400	position	AVTransport
1779346539005	RINCON_542A1B9463A801400	position	AVTransport
1779346541048	RINCON_542A1B9463A801400	position	AVTransport
1779346543131	RINCON_542A1B9463A801400	position	AVTransport
1779346545162	RINCON_542A1B9463A801400	position	AVTransport
1779346547192	RINCON_542A1B9463A801400	position	AVTransport
1779346549237	RINCON_542A1B9463A801400	position	AVTransport
1779346551273	RINCON_542A1B9463A801400	position	AVTransport
1779346553301	RINCON_542A1B9463A801400	position	AVTransport
1779346555366	RINCON_542A1B9463A801400	position	AVTransport
1779346557414	RINCON_542A1B9463A801400	position	AVTransport
1779346559480	RINCON_542A1B9463A801400	position	AVTransport
1779346560759	RINCON_542A1B9463A801400	position	AVTransport
1779346560759	RINCON_542A1B9463A801400	current_track	AVTransport
1779346561532	RINCON_542A1B9463A801400	position	AVTransport
1779346561532	RINCON_542A1B9463A801400	current_track	AVTransport
1779346563580	RINCON_542A1B9463A801400	position	AVTransport
1779346565618	RINCON_542A1B9463A801400	position	AVTransport
1779346567658	RINCON_542A1B9463A801400	position	AVTransport
1779346569687	RINCON_542A1B9463A801400	position	AVTransport
1779346571719	RINCON_542A1B9463A801400	position	AVTransport
1779346573771	RINCON_542A1B9463A801400	position	AVTransport
1779346575815	RINCON_542A1B9463A801400	position	AVTransport
1779346577855	RINCON_542A1B9463A801400	position	AVTransport
1779346579888	RINCON_542A1B9463A801400	position	AVTransport
1779346581922	RINCON_542A1B9463A801400	position	AVTransport
1779346583958	RINCON_542A1B9463A801400	position	AVTransport
1779346585989	RINCON_542A1B9463A801400	position	AVTransport
1779346588033	RINCON_542A1B9463A801400	position	AVTransport
1779346588184	RINCON_542A1B9463A801400	position	AVTransport
1779346588184	RINCON_542A1B9463A801400	current_track	AVTransport
1779346590088	RINCON_542A1B9463A801400	position	AVTransport
1779346590088	RINCON_542A1B9463A801400	current_track	AVTransport
1779346592129	RINCON_542A1B9463A801400	position	AVTransport
1779346594173	RINCON_542A1B9463A801400	position	AVTransport
1779346596206	RINCON_542A1B9463A801400	position	AVTransport
1779346598233	RINCON_542A1B9463A801400	position	AVTransport
1779346600279	RINCON_542A1B9463A801400	position	AVTransport
1779346602327	RINCON_542A1B9463A801400	position	AVTransport
1779346604369	RINCON_542A1B9463A801400	position	AVTransport
1779346606396	RINCON_542A1B9463A801400	position	AVTransport
1779346608432	RINCON_542A1B9463A801400	position	AVTransport
1779346610461	RINCON_542A1B9463A801400	position	AVTransport
1779346612502	RINCON_542A1B9463A801400	position	AVTransport
1779346614540	RINCON_542A1B9463A801400	position	AVTransport
1779346616569	RINCON_542A1B9463A801400	position	AVTransport
1779346618600	RINCON_542A1B9463A801400	position	AVTransport
1779346620642	RINCON_542A1B9463A801400	position	AVTransport
1779346622672	RINCON_542A1B9463A801400	position	AVTransport
1779346624714	RINCON_542A1B9463A801400	position	AVTransport
1779346626764	RINCON_542A1B9463A801400	position	AVTransport
1779346628808	RINCON_542A1B9463A801400	position	AVTransport
1779346630839	RINCON_542A1B9463A801400	position	AVTransport
1779346632865	RINCON_542A1B9463A801400	position	AVTransport
1779346634901	RINCON_542A1B9463A801400	position	AVTransport
1779346636991	RINCON_542A1B9463A801400	position	AVTransport
1779346639031	RINCON_542A1B9463A801400	position	AVTransport
1779346641073	RINCON_542A1B9463A801400	position	AVTransport
1779346643103	RINCON_542A1B9463A801400	position	AVTransport
1779346645137	RINCON_542A1B9463A801400	position	AVTransport
1779346647176	RINCON_542A1B9463A801400	position	AVTransport
1779346649220	RINCON_542A1B9463A801400	position	AVTransport
1779346651261	RINCON_542A1B9463A801400	position	AVTransport
1779346653295	RINCON_542A1B9463A801400	position	AVTransport
1779346655327	RINCON_542A1B9463A801400	position	AVTransport
1779346657386	RINCON_542A1B9463A801400	position	AVTransport
1779346659427	RINCON_542A1B9463A801400	position	AVTransport
1779346661461	RINCON_542A1B9463A801400	position	AVTransport
1779346663487	RINCON_542A1B9463A801400	position	AVTransport
1779346665524	RINCON_542A1B9463A801400	position	AVTransport
1779346667567	RINCON_542A1B9463A801400	position	AVTransport
1779346669606	RINCON_542A1B9463A801400	position	AVTransport
1779346671648	RINCON_542A1B9463A801400	position	AVTransport
1779346673684	RINCON_542A1B9463A801400	position	AVTransport
1779346675713	RINCON_542A1B9463A801400	position	AVTransport
1779346677756	RINCON_542A1B9463A801400	position	AVTransport
1779346679793	RINCON_542A1B9463A801400	position	AVTransport
1779346681829	RINCON_542A1B9463A801400	position	AVTransport
1779346683892	RINCON_542A1B9463A801400	position	AVTransport
1779346685937	RINCON_542A1B9463A801400	position	AVTransport
1779346687980	RINCON_542A1B9463A801400	position	AVTransport
1779346690006	RINCON_542A1B9463A801400	position	AVTransport
1779346692037	RINCON_542A1B9463A801400	position	AVTransport
1779346694076	RINCON_542A1B9463A801400	position	AVTransport
1779346696125	RINCON_542A1B9463A801400	position	AVTransport
1779346698150	RINCON_542A1B9463A801400	position	AVTransport
1779346700187	RINCON_542A1B9463A801400	position	AVTransport
1779346702225	RINCON_542A1B9463A801400	position	AVTransport
1779346704320	RINCON_542A1B9463A801400	position	AVTransport
1779346706359	RINCON_542A1B9463A801400	position	AVTransport
1779346708400	RINCON_542A1B9463A801400	position	AVTransport
1779346710431	RINCON_542A1B9463A801400	position	AVTransport
1779346712472	RINCON_542A1B9463A801400	position	AVTransport
1779346714515	RINCON_542A1B9463A801400	position	AVTransport
1779346716552	RINCON_542A1B9463A801400	position	AVTransport
1779346718592	RINCON_542A1B9463A801400	position	AVTransport
1779346720616	RINCON_542A1B9463A801400	position	AVTransport
1779346722656	RINCON_542A1B9463A801400	position	AVTransport
1779346724702	RINCON_542A1B9463A801400	position	AVTransport
1779346726752	RINCON_542A1B9463A801400	position	AVTransport
1779346728794	RINCON_542A1B9463A801400	position	AVTransport
1779346730840	RINCON_542A1B9463A801400	position	AVTransport
1779346732877	RINCON_542A1B9463A801400	position	AVTransport
1779346734921	RINCON_542A1B9463A801400	position	AVTransport
1779346736953	RINCON_542A1B9463A801400	position	AVTransport
1779346738989	RINCON_542A1B9463A801400	position	AVTransport
1779346741030	RINCON_542A1B9463A801400	position	AVTransport
1779346743075	RINCON_542A1B9463A801400	position	AVTransport
1779346745100	RINCON_542A1B9463A801400	position	AVTransport
1779346747130	RINCON_542A1B9463A801400	position	AVTransport
1779346749214	RINCON_542A1B9463A801400	position	AVTransport
1779346751246	RINCON_542A1B9463A801400	position	AVTransport
1779346753279	RINCON_542A1B9463A801400	position	AVTransport
1779346755320	RINCON_542A1B9463A801400	position	AVTransport
1779346757361	RINCON_542A1B9463A801400	position	AVTransport
1779346759410	RINCON_542A1B9463A801400	position	AVTransport
1779346761451	RINCON_542A1B9463A801400	position	AVTransport
1779346763481	RINCON_542A1B9463A801400	position	AVTransport
1779346765508	RINCON_542A1B9463A801400	position	AVTransport
1779346767548	RINCON_542A1B9463A801400	position	AVTransport
1779346769595	RINCON_542A1B9463A801400	position	AVTransport
1779346771636	RINCON_542A1B9463A801400	position	AVTransport
1779346773668	RINCON_542A1B9463A801400	position	AVTransport
1779346775695	RINCON_542A1B9463A801400	position	AVTransport
1779346777740	RINCON_542A1B9463A801400	position	AVTransport
1779346779781	RINCON_542A1B9463A801400	position	AVTransport
1779346781832	RINCON_542A1B9463A801400	position	AVTransport
1779346783859	RINCON_542A1B9463A801400	position	AVTransport
1779346785906	RINCON_542A1B9463A801400	position	AVTransport
1779346787945	RINCON_542A1B9463A801400	position	AVTransport
1779346789982	RINCON_542A1B9463A801400	position	AVTransport
1779346792029	RINCON_542A1B9463A801400	position	AVTransport
1779346794089	RINCON_542A1B9463A801400	position	AVTransport
1779346796121	RINCON_542A1B9463A801400	position	AVTransport
1779346798164	RINCON_542A1B9463A801400	position	AVTransport
1779346800219	RINCON_542A1B9463A801400	position	AVTransport
1779346802265	RINCON_542A1B9463A801400	position	AVTransport
1779346804298	RINCON_542A1B9463A801400	position	AVTransport
1779346806491	RINCON_542A1B9463A801400	position	AVTransport
1779346808537	RINCON_542A1B9463A801400	position	AVTransport
1779346810583	RINCON_542A1B9463A801400	position	AVTransport
1779346812626	RINCON_542A1B9463A801400	position	AVTransport
1779346814674	RINCON_542A1B9463A801400	position	AVTransport
1779346816741	RINCON_542A1B9463A801400	position	AVTransport
1779346818771	RINCON_542A1B9463A801400	position	AVTransport
1779346820809	RINCON_542A1B9463A801400	position	AVTransport
1779346822847	RINCON_542A1B9463A801400	position	AVTransport
1779346824884	RINCON_542A1B9463A801400	position	AVTransport
1779346826916	RINCON_542A1B9463A801400	position	AVTransport
1779346828955	RINCON_542A1B9463A801400	position	AVTransport
1779346831003	RINCON_542A1B9463A801400	position	AVTransport
1779346831442	RINCON_542A1B9463A801400	position	AVTransport
1779346831442	RINCON_542A1B9463A801400	current_track	AVTransport
1779346833042	RINCON_542A1B9463A801400	position	AVTransport
1779346833042	RINCON_542A1B9463A801400	current_track	AVTransport
1779346835081	RINCON_542A1B9463A801400	position	AVTransport
1779346837107	RINCON_542A1B9463A801400	position	AVTransport
1779346839143	RINCON_542A1B9463A801400	position	AVTransport
1779346841188	RINCON_542A1B9463A801400	position	AVTransport
1779346843224	RINCON_542A1B9463A801400	position	AVTransport
1779346845291	RINCON_542A1B9463A801400	position	AVTransport
✅ Renewed subscription for 10.83.0.103 AVTransport
✅ Renewed subscription for 10.83.0.105 RenderingControl
✅ Renewed subscription for 10.83.0.103 RenderingControl
✅ Renewed subscription for 10.83.0.105 AVTransport
1779346847328	RINCON_542A1B9463A801400	position	AVTransport
1779346849373	RINCON_542A1B9463A801400	position	AVTransport
1779346851412	RINCON_542A1B9463A801400	position	AVTransport
1779346853440	RINCON_542A1B9463A801400	position	AVTransport
1779346855469	RINCON_542A1B9463A801400	position	AVTransport
1779346857511	RINCON_542A1B9463A801400	position	AVTransport
1779346858074	RINCON_542A1B9463A801400	position	AVTransport
1779346858074	RINCON_542A1B9463A801400	current_track	AVTransport
1779346859548	RINCON_542A1B9463A801400	position	AVTransport
1779346859548	RINCON_542A1B9463A801400	current_track	AVTransport
1779346861597	RINCON_542A1B9463A801400	position	AVTransport
1779346863630	RINCON_542A1B9463A801400	position	AVTransport
1779346865666	RINCON_542A1B9463A801400	position	AVTransport
1779346867702	RINCON_542A1B9463A801400	position	AVTransport
1779346869747	RINCON_542A1B9463A801400	position	AVTransport
1779346871793	RINCON_542A1B9463A801400	position	AVTransport
1779346873839	RINCON_542A1B9463A801400	position	AVTransport
1779346875886	RINCON_542A1B9463A801400	position	AVTransport
1779346877926	RINCON_542A1B9463A801400	position	AVTransport
1779346879956	RINCON_542A1B9463A801400	position	AVTransport
1779346881988	RINCON_542A1B9463A801400	position	AVTransport
1779346884037	RINCON_542A1B9463A801400	position	AVTransport
1779346886076	RINCON_542A1B9463A801400	position	AVTransport
1779346888118	RINCON_542A1B9463A801400	position	AVTransport
1779346890176	RINCON_542A1B9463A801400	position	AVTransport
1779346892219	RINCON_542A1B9463A801400	position	AVTransport
1779346894260	RINCON_542A1B9463A801400	position	AVTransport
1779346896294	RINCON_542A1B9463A801400	position	AVTransport
1779346898329	RINCON_542A1B9463A801400	position	AVTransport
1779346900380	RINCON_542A1B9463A801400	position	AVTransport
1779346902411	RINCON_542A1B9463A801400	position	AVTransport
1779346904472	RINCON_542A1B9463A801400	position	AVTransport
1779346906513	RINCON_542A1B9463A801400	position	AVTransport
1779346908555	RINCON_542A1B9463A801400	position	AVTransport
1779346910602	RINCON_542A1B9463A801400	position	AVTransport
1779346912632	RINCON_542A1B9463A801400	position	AVTransport
1779346914662	RINCON_542A1B9463A801400	position	AVTransport
1779346916697	RINCON_542A1B9463A801400	position	AVTransport
1779346918737	RINCON_542A1B9463A801400	position	AVTransport
1779346920791	RINCON_542A1B9463A801400	position	AVTransport
1779346922833	RINCON_542A1B9463A801400	position	AVTransport
1779346924861	RINCON_542A1B9463A801400	position	AVTransport
1779346926897	RINCON_542A1B9463A801400	position	AVTransport
1779346928942	RINCON_542A1B9463A801400	position	AVTransport
1779346930985	RINCON_542A1B9463A801400	position	AVTransport
1779346933030	RINCON_542A1B9463A801400	position	AVTransport
1779346935054	RINCON_542A1B9463A801400	position	AVTransport
1779346937082	RINCON_542A1B9463A801400	position	AVTransport
1779346939117	RINCON_542A1B9463A801400	position	AVTransport
1779346941147	RINCON_542A1B9463A801400	position	AVTransport
1779346943194	RINCON_542A1B9463A801400	position	AVTransport
1779346945234	RINCON_542A1B9463A801400	position	AVTransport
1779346947280	RINCON_542A1B9463A801400	position	AVTransport
1779346949322	RINCON_542A1B9463A801400	position	AVTransport
1779346951372	RINCON_542A1B9463A801400	position	AVTransport
1779346953111	RINCON_542A1B9463A801400	playback_state	AVTransport
1779346953111	RINCON_542A1B9463A801400	position	AVTransport
1779346953111	RINCON_542A1B9463A801400	current_track	AVTransport
1779346953414	RINCON_542A1B9463A801400	current_track	AVTransport
